--- СТАРТ ПРОГРАММЫ ---
Запуск загрузки словаря из файла: words_ru.txt
Загрузка завершена успешно. Найдено подходящих слов: 4159
Новая игра запущена. Загаданное слово: дядья
Ход: север | Результат: ----- | Осталось попыток: 5
Игрок ввёл некорректное слово: ринг
Ход: ролик | Результат: ----- | Осталось попыток: 4
Ход: пирог | Результат: ----- | Осталось попыток: 3
Ход: потоп | Результат: ----- | Осталось попыток: 2
Ход: чашка | Результат: ----- | Осталось попыток: 1
Ход: фрукт | Результат: ----- | Осталось попыток: 0
Игра завершилась проигрышем. Загаданное слово: дядья
--- КОНЕЦ ПРОГРАММЫ ---
--- СТАРТ ПРОГРАММЫ ---
Запуск загрузки словаря из файла: words_ru.txt
Загрузка завершена успешно. Найдено подходящих слов: 4159
Новая игра запущена. Загаданное слово: пимок
Ход: порог | Результат: +--+- | Осталось попыток: 5
Ход: поток | Результат: +--++ | Осталось попыток: 4
Ход: пяток | Результат: +--++ | Осталось попыток: 3
Ход: пушок | Результат: +--++ | Осталось попыток: 2
Игрок запросил подсказку. Всего использовано слов: 4
Компьютер выдал подсказку: ахилл
Игрок запросил подсказку. Всего использовано слов: 5
Компьютер выдал подсказку: фолия
Ход: пинок | Результат: ++-++ | Осталось попыток: 1
Игрок ввёл некорректное слово: пифок
Ход: танец | Результат: ----- | Осталось попыток: 0
Игра завершилась проигрышем. Загаданное слово: пимок
--- КОНЕЦ ПРОГРАММЫ ---
--- СТАРТ ПРОГРАММЫ ---
Запуск загрузки словаря из файла: words_ru.txt
Загрузка завершена успешно. Найдено подходящих слов: 4159
Новая игра запущена. Загаданное слово: скирд
Ход: тиран | Результат: -^^-- | Осталось попыток: 5
Ход: митра | Результат: -^-+- | Осталось попыток: 4
Игрок запросил подсказку. Всего использовано слов: 2
Компьютер выдал подсказку: энзим
Ход: пудра | Результат: --^+- | Осталось попыток: 3
Игрок ввёл некорректное слово: смирд
Ход: верба | Результат: --^-- | Осталось попыток: 2
Игрок запросил подсказку. Всего использовано слов: 5
Компьютер выдал подсказку: ярица
Ход: трава | Результат: -^--- | Осталось попыток: 1
Ход: ребро | Результат: ---+- | Осталось попыток: 0
Игра завершилась проигрышем. Загаданное слово: скирд
--- КОНЕЦ ПРОГРАММЫ ---
--- СТАРТ ПРОГРАММЫ ---
Запуск загрузки словаря из файла: words_ru.txt
Загрузка завершена успешно. Найдено подходящих слов: 4159
Новая игра запущена. Загаданное слово: черен
Игрок споткнулся об исключение: Слово должно состоять строго из русских букв!
Игрок споткнулся об исключение: Такого пятибуквенного слова нет в словаре!
Игра завершилась проигрышем. Загаданное слово: черен
--- КОНЕЦ ПРОГРАММЫ ---
--- СТАРТ ПРОГРАММЫ ---
Запуск загрузки словаря из файла: words_ru.txt
Загрузка завершена успешно. Найдено подходящих слов: 4159
Новая игра запущена. Загаданное слово: фишка
Игрок споткнулся об исключение: Слово должно состоять строго из русских букв!
Игрок запросил подсказку. Всего использовано слов: 2
Компьютер выдал подсказку: гелий
Игрок споткнулся об исключение: Такого пятибуквенного слова нет в словаре!
Игрок угадал слово! Оставшиеся попытки: 0
Игра завершилась победой игрока.
--- КОНЕЦ ПРОГРАММЫ ---
--- СТАРТ ПРОГРАММЫ ---
Запуск загрузки словаря из файла: words_ru.txt
Загрузка завершена успешно. Найдено подходящих слов: 4159
Новая игра запущена. Загаданное слово: меццо
Игрок запросил подсказку. Всего использовано слов: 3
Компьютер выдал подсказку: метка
Игрок запросил подсказку. Всего использовано слов: 5
Компьютер выдал подсказку: сапог
Игрок запросил подсказку. Всего использовано слов: 7
Компьютер выдал подсказку: бодяк
Игрок запросил подсказку. Всего использовано слов: 8
Компьютер выдал подсказку: отава
Игрок повторно ввёл слово: метро
Игра завершилась проигрышем. Загаданное слово: меццо
--- КОНЕЦ ПРОГРАММЫ ---
--- СТАРТ ПРОГРАММЫ ---
Запуск загрузки словаря из файла: words_ru.txt
Загрузка завершена успешно. Найдено подходящих слов: 4159
Новая игра запущена. Загаданное слово: цапка
Умный случайный перебор словаря...
Компьютер подобрал идеальную подсказку: испуг
Игрок повторно ввёл слово: испуг
Игрок споткнулся об исключение: Такого пятибуквенного слова нет в словаре!
Игрок споткнулся об исключение: Такого пятибуквенного слова нет в словаре!
Игрок споткнулся об исключение: Такого пятибуквенного слова нет в словаре!
Умный случайный перебор словаря...
--- СТАРТ ПРОГРАММЫ ---
Запуск загрузки словаря из файла: words_ru.txt
Загрузка завершена успешно. Найдено подходящих слов: 4159
Новая игра запущена. Загаданное слово: афина
Компьютер выдал подсказку: усина
Игрок споткнулся об исключение: Такого пятибуквенного слова нет в словаре!
Компьютер выдал подсказку: ивина
Игрок споткнулся об исключение: Такого пятибуквенного слова нет в словаре!
Игрок споткнулся об исключение: Такого пятибуквенного слова нет в словаре!
Игрок споткнулся об исключение: Такого пятибуквенного слова нет в словаре!
Игрок споткнулся об исключение: Такого пятибуквенного слова нет в словаре!
Компьютер выдал подсказку: ямина
Игра завершилась проигрышем. Загаданное слово: афина
--- КОНЕЦ ПРОГРАММЫ ---
--- СТАРТ ПРОГРАММЫ ---
Запуск загрузки словаря из файла: words_ru.txt
Загрузка завершена успешно. Найдено подходящих слов: 4159
Новая игра запущена. Загаданное слово: нолик
Игрок споткнулся об исключение: Слово должно состоять строго из русских букв!
Компьютер выдал подсказку: эллин
Компьютер выдал подсказку: нулик
Игрок угадал слово! Оставшиеся попытки: 0
Игра завершилась победой игрока.
--- КОНЕЦ ПРОГРАММЫ ---
